// Jest Snapshot v1, https://goo.gl/fbAQLP

exports[`<Home /> should render homepage static content 1`] = `
<section
  className="hero is-fullheight is-light is-bold"
>
  <div
    className="hero-body"
  >
    <div
      className="container"
    >
      <div
        className="tile is-ancestor"
      >
        <div
          className="tile is-parent"
        >
          <div
            className="tile is-child is-6 is-vertical has-text-centered"
          >
            <h1
              className="title"
            >
              <svg
                className="svg-inline"
                height="72"
                viewBox="0 0 117.31758 135.46667"
                xmlns="http://www.w3.org/2000/svg"
              >
                <path
                  d="m 58.658792,6.7627869 52.802038,30.4852731 0,60.970543 L 58.658789,128.70387 5.8567507,98.2186 l 1.7e-6,-60.970543 z"
                  fill="none"
                  stroke="#daa520"
                  strokeWidth="12"
                />
              </svg>
              Hive
              <sup>
                io
              </sup>
            </h1>
            <h2
              className="subtitle"
            >
              A reactive, cloud-native framework for building RESTful microservices.
            </h2>
            <a
              className="button is-link"
              href="https://hiveframework.io"
              rel="noopener noreferrer"
              target="_blank"
            >
              Learn More
            </a>
          </div>
          <div
            className="tile is-child is-6"
          >
            <div
              className="svg-animation-container"
            >
              <div
                className="svg-animation is-mongo-svg is-svg-1"
              />
              <div
                className="svg-animation is-hive-svg is-svg-2"
              />
              <div
                className="svg-animation is-envoy-svg is-svg-3"
              />
              <div
                className="svg-animation is-elastic-svg is-svg-4"
              />
              <div
                className="svg-animation is-hive-svg is-svg-5"
              />
              <div
                className="svg-animation is-hive-svg is-svg-6"
              />
              <div
                className="svg-animation is-envoy-svg is-svg-7"
              />
              <div
                className="svg-animation is-redis-svg is-svg-8"
              />
              <div
                className="svg-animation is-kafka-svg is-svg-9"
              />
              <div
                className="svg-animation is-hive-svg is-svg-10"
              />
              <div
                className="svg-animation is-hive-svg is-svg-11"
              />
              <div
                className="svg-animation is-hive-svg is-svg-12"
              />
              <div
                className="svg-animation is-envoy-svg is-svg-13"
              />
              <div
                className="svg-animation is-envoy-svg is-svg-14"
              />
            </div>
          </div>
        </div>
      </div>
    </div>
  </div>
</section>
`;

exports[`<Home /> should render homepage static content and report page view 1`] = `
<section
  className="hero is-fullheight is-light is-bold"
>
  <div
    className="hero-body"
  >
    <div
      className="container"
    >
      <div
        className="tile is-ancestor"
      >
        <div
          className="tile is-parent"
        >
          <div
            className="tile is-child is-6 is-vertical has-text-centered"
          >
            <h1
              className="title"
            >
              <svg
                className="svg-inline"
                height="72"
                viewBox="0 0 117.31758 135.46667"
                xmlns="http://www.w3.org/2000/svg"
              >
                <path
                  d="m 58.658792,6.7627869 52.802038,30.4852731 0,60.970543 L 58.658789,128.70387 5.8567507,98.2186 l 1.7e-6,-60.970543 z"
                  fill="none"
                  stroke="#daa520"
                  strokeWidth="12"
                />
              </svg>
              Hive
              <sup>
                io
              </sup>
            </h1>
            <h2
              className="subtitle"
            >
              A reactive, cloud-native framework for building RESTful microservices.
            </h2>
            <a
              className="button is-link"
              href="https://hiveframework.io"
              rel="noopener noreferrer"
              target="_blank"
            >
              Learn More
            </a>
          </div>
          <div
            className="tile is-child is-6"
          >
            <div
              className="svg-animation-container"
            >
              <div
                className="svg-animation is-mongo-svg is-svg-1"
              />
              <div
                className="svg-animation is-hive-svg is-svg-2"
              />
              <div
                className="svg-animation is-envoy-svg is-svg-3"
              />
              <div
                className="svg-animation is-elastic-svg is-svg-4"
              />
              <div
                className="svg-animation is-hive-svg is-svg-5"
              />
              <div
                className="svg-animation is-hive-svg is-svg-6"
              />
              <div
                className="svg-animation is-envoy-svg is-svg-7"
              />
              <div
                className="svg-animation is-redis-svg is-svg-8"
              />
              <div
                className="svg-animation is-kafka-svg is-svg-9"
              />
              <div
                className="svg-animation is-hive-svg is-svg-10"
              />
              <div
                className="svg-animation is-hive-svg is-svg-11"
              />
              <div
                className="svg-animation is-hive-svg is-svg-12"
              />
              <div
                className="svg-animation is-envoy-svg is-svg-13"
              />
              <div
                className="svg-animation is-envoy-svg is-svg-14"
              />
            </div>
          </div>
        </div>
      </div>
    </div>
  </div>
</section>
`;
