// Jest Snapshot v1, https://goo.gl/fbAQLP

exports[`<Home /> should render homepage static content 1`] = `
<section
  className="hero is-fullheight is-light is-bold"
>
  <div
    className="hero-body"
  >
    <div
      className="container"
    >
      <div
        className="tile is-ancestor"
      >
        <div
          className="tile is-parent"
        >
          <div
            className="tile is-child is-6 is-vertical has-text-centered"
          >
            <h1
              className="title"
            >
              <svg
                className="svg-inline"
                height="72"
                role="img"
                viewBox="0 0 117.31758 135.46667"
                xmlns="http://www.w3.org/2000/svg"
              >
                <path
                  d="m 58.658792,6.7627869 52.802038,30.4852731 0,60.970543 L 58.658789,128.70387 5.8567507,98.2186 l 1.7e-6,-60.970543 z"
                  fill="none"
                  stroke="#daa520"
                  strokeWidth="12"
                />
              </svg>
              Hive
              <sup>
                io
              </sup>
            </h1>
            <h2
              className="subtitle"
            >
              A reactive, cloud-native framework for building microservices
            </h2>
            <h2
              className="subtitle"
            >
              <svg
                className="svg-link"
                height="32"
                role="img"
                viewBox="-12.7 -12.7 1024.4 1024.4"
                xmlns="http://www.w3.org/2000/svg"
              >
                <path
                  d="M528.7 545.9c-42 42-42 110.1.0 152.1s110.1 42 152.1.0 42-110.1.0-152.1-110.1-42-152.1.0zm113.7 113.8c-20.8 20.8-54.5 20.8-75.3.0s-20.8-54.5.0-75.3 54.5-20.8 75.3.0c20.8 20.7 20.8 54.5.0 75.3zm36.6-643-65.9 65.9c-12.9 12.9-12.9 34.1.0 47l257.3 257.3c12.9 12.9 34.1 12.9 47 0l65.9-65.9c12.9-12.9 12.9-34.1.0-47L725.9 16.7c-12.9-12.9-34-12.9-46.9.0zM217.3 858.8c11.7-11.7 11.7-30.8.0-42.5l-33.5-33.5c-11.7-11.7-30.8-11.7-42.5.0L72.1 852l-.1.1-19-19c-10.5-10.5-27.6-10.5-38 0-10.5 10.5-10.5 27.6.0 38l114 114c10.5 10.5 27.6 10.5 38 0s10.5-27.6.0-38l-19-19 .1-.1 69.2-69.2z"
                  fill="#f5a800"
                />
                <path
                  d="M565.9 205.9 419.5 352.3c-13 13-13 34.4.0 47.4l90.4 90.4c63.9-46 153.5-40.3 211 17.2l73.2-73.2c13-13 13-34.4.0-47.4L613.3 205.9c-13-13.1-34.4-13.1-47.4.0zm-94 322.3-53.4-53.4c-12.5-12.5-33-12.5-45.5.0L184.7 663.2c-12.5 12.5-12.5 33 0 45.5l106.7 106.7c12.5 12.5 33 12.5 45.5.0L458 694.1c-25.6-52.9-21-116.8 13.9-165.9z"
                  fill="#425cc7"
                />
              </svg>
              Now integrated with 
              <a
                href="https://opentelemetry.io"
                rel="noopener noreferrer"
                target="_blank"
              >
                OpenTelemetry
              </a>
            </h2>
            <a
              className="button is-link"
              href="https://hiveframework.io"
              rel="noopener noreferrer"
              target="_blank"
            >
              Learn More
            </a>
          </div>
          <div
            className="tile is-child is-6"
          >
            <div
              className="svg-animation-container"
            >
              <div
                className="svg-animation is-mongo-svg is-svg-1"
              />
              <div
                className="svg-animation is-hive-svg is-svg-2"
              />
              <div
                className="svg-animation is-envoy-svg is-svg-3"
              />
              <div
                className="svg-animation is-elastic-svg is-svg-4"
              />
              <div
                className="svg-animation is-hive-svg is-svg-5"
              />
              <div
                className="svg-animation is-hive-svg is-svg-6"
              />
              <div
                className="svg-animation is-envoy-svg is-svg-7"
              />
              <div
                className="svg-animation is-redis-svg is-svg-8"
              />
              <div
                className="svg-animation is-kafka-svg is-svg-9"
              />
              <div
                className="svg-animation is-hive-svg is-svg-10"
              />
              <div
                className="svg-animation is-hive-svg is-svg-11"
              />
              <div
                className="svg-animation is-hive-svg is-svg-12"
              />
              <div
                className="svg-animation is-envoy-svg is-svg-13"
              />
              <div
                className="svg-animation is-envoy-svg is-svg-14"
              />
            </div>
          </div>
        </div>
      </div>
    </div>
  </div>
</section>
`;
